
> temp-app@0.1.0 build
> next build

Ôû▓ Next.js 16.1.6 (Turbopack)
- Environments: .env.local

node.exe : ÔÜá The "middleware" file convention is 
deprecated. Please use "proxy" instead. Learn more: 
https://nextjs.org/docs/messages/middleware-to-proxy
No linha:1 caractere:1
+ & "C:\Program Files\nodejs/node.exe" "C:\Program 
Files\nodejs/node_mo ...
+ ~~~~~~~~~~~~~~~~~~~~~~~~~~~~~~~~~~~~~~~~~~~~~~~~~~
~~~~~~~~~~~~~~~~~~~
    + CategoryInfo          : NotSpecified: (ÔÜá Th 
   e "middle...leware-to-proxy:String) [], RemoteE  
  xception
    + FullyQualifiedErrorId : NativeCommandError
 
  Creating an optimized production build ...
Ô£ô Compiled successfully in 26.8s
  Running TypeScript ...
Failed to compile.

./src/app/api/ai/chat/route.ts:50:21
Type error: No overload matches this call.
  The last overload gave the following error.
    Type '({ query }: { query: string; }) => 
Promise<{ source: string; content: string; }>' is 
not assignable to type 'undefined'.

[0m [90m 48 |[39m                         
query[33m:[39m 
z[33m.[39mstring()[33m.[39mdescribe([32m'A 
pergunta ou termo para buscar 
conhecimento.'[39m)[33m,[39m
 [90m 49 |[39m                     })[33m,[39m
[31m[1m>[22m[39m[90m 50 |[39m                 
    execute[33m:[39m [36masync[39m ({ query 
}[33m:[39m { query[33m:[39m string }) 
[33m=>[39m {
 [90m    |[39m                     
[31m[1m^[22m[39m
 [90m 51 |[39m                         [90m// 
Aqui no futuro chamaremos a fun├º├úo RPC 
match_ai_knowledge do Supabase[39m
 [90m 52 |[39m                         [90m// 
Por enquanto retorna um placeholder para teste da 
estrutura.[39m
 [90m 53 |[39m                         
[36mreturn[39m { source[33m:[39m 
[32m'Knowledge Base'[39m[33m,[39m 
content[33m:[39m [32m'Informa├º├úo recuperada da 
base.'[39m }[33m;[39m[0m
Next.js build worker exited with code: 1 and 
signal: null
