src/app/api/automations/reminders/route.ts(86,38): error TS2304: Cannot find name 'notified'.
src/app/dashboard/settings/page.tsx(3,24): error TS2307: Cannot find module '@/components/ui/button' or its corresponding type declarations.
src/components/ai/chat-widget.tsx(30,9): error TS2339: Property 'input' does not exist on type 'UseChatHelpers<UIMessage<unknown, UIDataTypes, UITools>>'.
src/components/ai/chat-widget.tsx(31,9): error TS2339: Property 'handleInputChange' does not exist on type 'UseChatHelpers<UIMessage<unknown, UIDataTypes, UITools>>'.
src/components/ai/chat-widget.tsx(32,9): error TS2339: Property 'handleSubmit' does not exist on type 'UseChatHelpers<UIMessage<unknown, UIDataTypes, UITools>>'.
src/components/ai/chat-widget.tsx(33,9): error TS2339: Property 'isLoading' does not exist on type 'UseChatHelpers<UIMessage<unknown, UIDataTypes, UITools>>'.
src/components/ai/chat-widget.tsx(35,9): error TS2353: Object literal may only specify known properties, and 'api' does not exist in type 'UseChatOptions<UIMessage<unknown, UIDataTypes, UITools>>'.
src/components/ai/chat-widget.tsx(107,44): error TS2339: Property 'content' does not exist on type 'UIMessage<unknown, UIDataTypes, UITools>'.
src/components/leads/import-leads-modal.tsx(291,86): error TS2304: Cannot find name 'Zap'.
tmp_check_leads.ts(1,30): error TS5097: An import path can only end with a '.ts' extension when 'allowImportingTsExtensions' is enabled.
